ID,Name_Microsoft,Name_Amazon,Name_Samsung,Name_Google,Name
1,1,0,0,0,1
2,0,1,0,0,0
3,0,0,1,0,0
4,0,0,0,1,0
